package b

import (
	"go/ast"

	metav1 "k8s.io/apimachinery/pkg/apis/meta/v1"
)

type ValidConditions struct {
	// conditions is an accurate representation of the desired state of a conditions object.
	// +listType=map
	// +listMapKey=type
	// +patchStrategy=merge
	// +patchMergeKey=type
	// +optional
	Conditions []metav1.Condition `json:"conditions,omitempty" patchStrategy:"merge" patchMergeKey:"type"` // want "Conditions field in ValidConditions has incorrect tags, should be: `json:\"conditions,omitempty\" patchStrategy:\"merge\" patchMergeKey:\"type\"`"

	// other fields
	OtherField string `json:"otherField,omitempty"`
}

type ValidConditionsMissingProtobuf struct {
	// conditions is an accurate representation of the desired state of a conditions object.
	// +listType=map
	// +listMapKey=type
	// +patchStrategy=merge
	// +patchMergeKey=type
	// +optional
	Conditions []metav1.Condition `json:"conditions,omitempty" patchStrategy:"merge" patchMergeKey:"type"`

	// other fields
	OtherField string `json:"otherField,omitempty"`
}

type ConditionsIncorrectType struct {
	// conditions has an incorrect type.
	Conditions map[string]metav1.Condition // want "Conditions field in ConditionsIncorrectType must be a slice of metav1.Condition"
}

type ConditionsIncorrectSliceElement struct {
	// conditions has an incorrect type.
	Conditions []string // want "Conditions field in ConditionsIncorrectSliceElement must be a slice of metav1.Condition"
}

type ConditionsIncorrectImportedSliceElement struct {
	// conditions has an incorrect type.
	Conditions []metav1.Time // want "Conditions field in ConditionsIncorrectImportedSliceElement must be a slice of metav1.Condition"
}

type ConditionsIncorrectImportedPackage struct {
	// conditions has an incorrect type.
	Conditions []ast.Node // want "Conditions field in ConditionsIncorrectImportedPackage must be a slice of metav1.Condition"
}

type MissingFieldTag struct {
	// conditions is missing the field tag.
	// +listType=map
	// +listMapKey=type
	// +patchStrategy=merge
	// +patchMergeKey=type
	// +optional
	Conditions []metav1.Condition `json:"conditions,omitempty" patchStrategy:"merge" patchMergeKey:"type"` // want "Conditions field in MissingFieldTag is missing tags, should be: `json:\"conditions,omitempty\" patchStrategy:\"merge\" patchMergeKey:\"type\"`"
}

type IncorrectFieldTag struct {
	// conditions has an incorrect field tag.
	// +listType=map
	// +listMapKey=type
	// +patchStrategy=merge
	// +patchMergeKey=type
	// +optional
	Conditions []metav1.Condition `json:"conditions,omitempty" patchStrategy:"merge" patchMergeKey:"type"` // want "Conditions field in IncorrectFieldTag has incorrect tags, should be: `json:\"conditions,omitempty\" patchStrategy:\"merge\" patchMergeKey:\"type\"`"
}
