package a

type TestMaps struct {
	Map map[string]string `json:"map,omitempty"` // want "field Map should have the omitempty tag."

	MapWithOmitEmpty map[string]string `json:"mapWithOmitEmpty,omitempty"`

	MapPtr map[string]string `json:"mapPtr,omitempty"` // want "field MapPtr should have the omitempty tag." "field MapPtr underlying type does not need to be a pointer. The pointer should be removed."

	MapPtrWithOmitEmpty map[string]string `json:"mapPtrWithOmitEmpty,omitempty"` // want "field MapPtrWithOmitEmpty underlying type does not need to be a pointer. The pointer should be removed."

	// +kubebuilder:validation:MinProperties=1
	MapWithPositiveMinProperties map[string]string `json:"mapWithPositiveMinProperties,omitempty"` // want "field MapWithPositiveMinProperties should have the omitempty tag."

	// +kubebuilder:validation:MinProperties=1
	MapWithPositiveMinPropertiesWithOmitEmpty map[string]string `json:"mapWithPositiveMinPropertiesWithOmitEmpty,omitempty"`

	// +kubebuilder:validation:MinProperties=0
	MapWithZeroMinProperties map[string]string `json:"mapWithZeroMinProperties,omitempty"` // want "field MapWithZeroMinProperties should have the omitempty tag."

	// +kubebuilder:validation:MinProperties=0
	MapWithZeroMinPropertiesWithOmitEmpty map[string]string `json:"mapWithZeroMinPropertiesWithOmitEmpty,omitempty"`
}
