package a

type TestStrings struct {
    // +required
	String *string `json:"string,omitempty"` // want "field String should have the omitempty tag." "field String has a valid zero value \\(\"\"\\), but the validation is not complete \\(e.g. minimum length\\). The field should be a pointer to allow the zero value to be set. If the zero value is not a valid use case, complete the validation and remove the pointer."

    // +required
	StringWithOmitEmpty *string `json:"stringWithOmitEmpty,omitempty"` // want "field StringWithOmitEmpty has a valid zero value \\(\"\"\\), but the validation is not complete \\(e.g. minimum length\\). The field should be a pointer to allow the zero value to be set. If the zero value is not a valid use case, complete the validation and remove the pointer."

    // +required
	StringPtr *string `json:"stringPtr,omitempty"` // want "field StringPtr should have the omitempty tag."

    // +required
	StringPtrWithOmitEmpty *string `json:"stringPtrWithOmitEmpty,omitempty"`

    // +required
	// +kubebuilder:validation:MinLength=1
	StringWithMinLength string `json:"stringWithMinLength,omitempty"` // want "field StringWithMinLength should have the omitempty tag."

    // +required
	// +kubebuilder:validation:MinLength=1
	StringWithMinLengthWithOmitEmpty string `json:"stringWithMinLengthWithOmitEmpty,omitempty"`

    // +required
	// +kubebuilder:validation:MinLength=1
	StringPtrWithMinLength string `json:"stringPtrWithMinLength,omitempty"` // want "field StringPtrWithMinLength should have the omitempty tag." "field StringPtrWithMinLength does not allow the zero value. The field does not need to be a pointer."

    // +required
	// +kubebuilder:validation:MinLength=1
	StringPtrWithMinLengthWithOmitEmpty string `json:"stringPtrWithMinLengthWithOmitEmpty,omitempty"` // want "field StringPtrWithMinLengthWithOmitEmpty does not allow the zero value. The field does not need to be a pointer."

    // +required
	// +kubebuilder:validation:MinLength=0
	StringWithMinLength0 *string `json:"stringWithMinLength0,omitempty"` // want "field StringWithMinLength0 should have the omitempty tag." "field StringWithMinLength0 has a valid zero value \\(\"\"\\) and should be a pointer."

    // +required
	// +kubebuilder:validation:MinLength=0
	StringWithMinLength0WithOmitEmpty *string `json:"stringWithMinLength0WithOmitEmpty,omitempty"` // want "field StringWithMinLength0WithOmitEmpty has a valid zero value \\(\"\"\\) and should be a pointer."

    // +required
	// +kubebuilder:validation:MinLength=0
	StringPtrWithMinLength0 *string `json:"stringPtrWithMinLength0,omitempty"` // want "field StringPtrWithMinLength0 should have the omitempty tag."

    // +required
	// +kubebuilder:validation:MinLength=0
	StringPtrWithMinLength0WithOmitEmpty *string `json:"stringPtrWithMinLength0WithOmitEmpty,omitempty"`

    // +required
	// +kubebuilder:validation:Enum=a;b;c
	EnumString string `json:"enumString,omitempty"` // want "field EnumString should have the omitempty tag."

    // +required
	// +kubebuilder:validation:Enum=a;b;c
	EnumStringWithOmitEmpty string `json:"enumStringWithOmitEmpty,omitempty"`

    // +required
	// +kubebuilder:validation:Enum=a;b;c
	EnumStringPtr string `json:"enumStringPtr,omitempty"` // want "field EnumStringPtr should have the omitempty tag." "field EnumStringPtr does not allow the zero value. The field does not need to be a pointer."

    // +required
	// +kubebuilder:validation:Enum=a;b;c
	EnumStringPtrWithOmitEmpty string `json:"enumStringPtrWithOmitEmpty,omitempty"` // want "field EnumStringPtrWithOmitEmpty does not allow the zero value. The field does not need to be a pointer."

    // +required
	// +kubebuilder:validation:Enum=a;b;c;""
	EnumValidEmptytring *string `json:"enumValidEmptytring,omitempty"` // want "field EnumValidEmptytring should have the omitempty tag." "field EnumValidEmptytring has a valid zero value \\(\"\"\\) and should be a pointer."

    // +required
	// +kubebuilder:validation:Enum=a;b;c;""
	EnumValidEmptyStringWithOmitEmpty *string `json:"enumValidEmptyStringWithOmitEmpty,omitempty"` // want "field EnumValidEmptyStringWithOmitEmpty has a valid zero value \\(\"\"\\) and should be a pointer."

    // +required
	// +kubebuilder:validation:Enum=a;b;c;""
	EnumValidEmptyStringPtr *string `json:"enumValidEmptyStringPtr,omitempty"` // want "field EnumValidEmptyStringPtr should have the omitempty tag."

    // +required
	// +kubebuilder:validation:Enum=a;b;c;""
	EnumValidEmptyStringPtrWithOmitEmpty *string `json:"enumValidEmptyStringPtrWithOmitEmpty,omitempty"`
}
