package a

type TestStructs struct {
	// StructWithAllOptionalFields has a zero value of {}, which is valid because all fields are optional.

	StructWithAllOptionalFields *StructWithAllOptionalFields `json:"structWithAllOptionalFields,omitempty"` // want "field StructWithAllOptionalFields should have the omitempty tag." "field StructWithAllOptionalFields has a valid zero value \\({}\\), but the validation is not complete \\(e.g. min properties/adding required fields\\). The field should be a pointer to allow the zero value to be set. If the zero value is not a valid use case, complete the validation and remove the pointer."

	StructWithAllOptionalFieldsWithOmitEmpty *StructWithAllOptionalFields `json:"structWithAllOptionalFieldsWithOmitEmpty,omitempty"` // want "field StructWithAllOptionalFieldsWithOmitEmpty has a valid zero value \\({}\\), but the validation is not complete \\(e.g. min properties/adding required fields\\). The field should be a pointer to allow the zero value to be set. If the zero value is not a valid use case, complete the validation and remove the pointer."

	StructPtrWithAllOptionalFields *StructWithAllOptionalFields `json:"structPtrWithAllOptionalFields,omitempty"` // want "field StructPtrWithAllOptionalFields should have the omitempty tag."

	StructPtrWithAllOptionalFieldsWithOmitEmpty *StructWithAllOptionalFields `json:"structPtrWithAllOptionalFieldsWithOmitEmpty,omitempty"`

	// StructWithMinProperties has a zero value of {}, which is not valid because the MinProperties marker is not satisfied.

	StructWithMinProperties StructWithMinProperties `json:"structWithMinProperties,omitzero"` // want "field StructWithMinProperties does not allow the zero value. It must have the omitzero tag."

	StructWithMinPropertiesWithOmitEmpty StructWithMinProperties `json:"structWithMinPropertiesWithOmitEmpty,omitzero,omitempty"` // want "field StructWithMinPropertiesWithOmitEmpty does not allow the zero value. It must have the omitzero tag."

	StructPtrWithMinProperties StructWithMinProperties `json:"structPtrWithMinProperties,omitzero"` // want "field StructPtrWithMinProperties does not allow the zero value. It must have the omitzero tag." "field StructPtrWithMinProperties does not allow the zero value. The field does not need to be a pointer."

	StructPtrWithMinPropertiesWithOmitEmpty StructWithMinProperties `json:"structPtrWithMinPropertiesWithOmitEmpty,omitzero,omitempty"` // want "field StructPtrWithMinPropertiesWithOmitEmpty does not allow the zero value. It must have the omitzero tag." "field StructPtrWithMinPropertiesWithOmitEmpty does not allow the zero value. The field does not need to be a pointer."

	// StructWithNonOmittedFields has a zero value of {"string":"", "int":0}, which is valid because all fields are required.

	StructWithNonOmittedFields *StructWithNonOmittedFields `json:"structWithNonOmittedFields,omitempty"` // want "field StructWithNonOmittedFields should have the omitempty tag." "field StructWithNonOmittedFields has a valid zero value \\({\"string\": \"\", \"int\": 0}\\) and should be a pointer."

	StructWithNonOmittedFieldsWithOmitEmpty *StructWithNonOmittedFields `json:"structWithNonOmittedFieldsWithOmitEmpty,omitempty"` // want "field StructWithNonOmittedFieldsWithOmitEmpty has a valid zero value \\({\"string\": \"\", \"int\": 0}\\) and should be a pointer."

	StructPtrWithNonOmittedFields *StructWithNonOmittedFields `json:"structPtrWithNonOmittedFields,omitempty"` // want "field StructPtrWithNonOmittedFields should have the omitempty tag."

	StructPtrWithNonOmittedFieldsWithOmitEmpty *StructWithNonOmittedFields `json:"structPtrWithNonOmittedFieldsWithOmitEmpty,omitempty"`

	// StructWithNonOmittedFieldsAndMinProperties has a zero value of {"string":"", "int":0}, which is valid because the MinProperties marker is satisfied.

	StructWithNonOmittedFieldsAndMinProperties *StructWithNonOmittedFieldsAndMinProperties `json:"structWithOneNonOmittedFieldAndMinProperties,omitempty"` // want "field StructWithNonOmittedFieldsAndMinProperties should have the omitempty tag." "field StructWithNonOmittedFieldsAndMinProperties has a valid zero value \\({\"string\": \"\", \"int\": 0}\\) and should be a pointer."

	StructWithNonOmittedFieldsAndMinPropertiesWithOmitEmpty *StructWithNonOmittedFieldsAndMinProperties `json:"structWithOneNonOmittedFieldAndMinPropertiesAndOmitEmpty,omitempty"` // want "field StructWithNonOmittedFieldsAndMinPropertiesWithOmitEmpty has a valid zero value \\({\"string\": \"\", \"int\": 0}\\) and should be a pointer."

	StructPtrWithNonOmittedFieldsAndMinProperties *StructWithNonOmittedFieldsAndMinProperties `json:"structPtrWithNonOmittedFieldsAndMinProperties,omitempty"` // want "field StructPtrWithNonOmittedFieldsAndMinProperties should have the omitempty tag."

	StructPtrWithNonOmittedFieldsAndMinPropertiesWithOmitEmpty *StructWithNonOmittedFieldsAndMinProperties `json:"structPtrWithNonOmittedFieldsAndMinPropertiesWithOmitEmpty,omitempty"`

	// StructWithOneNonOmittedFieldAndMinProperties has a zero value of {"string":""}, which is not valid because the MinProperties marker is not satisfied.

	StructWithOneNonOmittedFieldAndMinProperties StructWithOneNonOmittedFieldAndMinProperties `json:"structWithOneNonOmittedFieldAndMinPropertiesAndOmitEmpty,omitzero"` // want "field StructWithOneNonOmittedFieldAndMinProperties does not allow the zero value. It must have the omitzero tag."

	StructWithOneNonOmittedFieldAndMinPropertiesWithOmitEmpty StructWithOneNonOmittedFieldAndMinProperties `json:"structWithOneNonOmittedFieldAndMinPropertiesAndOmitEmpty,omitzero,omitempty"` // want "field StructWithOneNonOmittedFieldAndMinPropertiesWithOmitEmpty does not allow the zero value. It must have the omitzero tag."

	StructPtrWithOneNonOmittedFieldAndMinProperties StructWithOneNonOmittedFieldAndMinProperties `json:"structPtrWithOneNonOmittedFieldAndMinProperties,omitzero"` // want "field StructPtrWithOneNonOmittedFieldAndMinProperties does not allow the zero value. It must have the omitzero tag." "field StructPtrWithOneNonOmittedFieldAndMinProperties does not allow the zero value. The field does not need to be a pointer."

	StructPtrWithOneNonOmittedFieldAndMinPropertiesWithOmitEmpty StructWithOneNonOmittedFieldAndMinProperties `json:"structPtrWithOneNonOmittedFieldAndMinPropertiesWithOmitEmpty,omitzero,omitempty"` // want "field StructPtrWithOneNonOmittedFieldAndMinPropertiesWithOmitEmpty does not allow the zero value. It must have the omitzero tag." "field StructPtrWithOneNonOmittedFieldAndMinPropertiesWithOmitEmpty does not allow the zero value. The field does not need to be a pointer."

	// StructWithOmittedRequiredField has a zero value of {}, which is not valid because the required marker is not satisfied.

	StructWithOmittedRequiredField StructWithOmittedRequiredField `json:"structWithOmittedRequiredField,omitzero"` // want "field StructWithOmittedRequiredField does not allow the zero value. It must have the omitzero tag."

	StructWithOmittedRequiredFieldWithOmitEmpty StructWithOmittedRequiredField `json:"structWithOmittedRequiredFieldWithOmitEmpty,omitzero,omitempty"` // want "field StructWithOmittedRequiredFieldWithOmitEmpty does not allow the zero value. It must have the omitzero tag."

	StructPtrWithOmittedRequiredField StructWithOmittedRequiredField `json:"structPtrWithOmittedRequiredField,omitzero"` // want "field StructPtrWithOmittedRequiredField does not allow the zero value. It must have the omitzero tag." "field StructPtrWithOmittedRequiredField does not allow the zero value. The field does not need to be a pointer."

	StructPtrWithOmittedRequiredFieldWithOmitEmpty StructWithOmittedRequiredField `json:"structPtrWithOmittedRequiredFieldWithOmitEmpty,omitzero,omitempty"` // want "field StructPtrWithOmittedRequiredFieldWithOmitEmpty does not allow the zero value. It must have the omitzero tag." "field StructPtrWithOmittedRequiredFieldWithOmitEmpty does not allow the zero value. The field does not need to be a pointer."
}

type StructWithAllOptionalFields struct {
	// +optional
	String *string `json:"string,omitempty"` // want "field String has a valid zero value \\(\"\"\\), but the validation is not complete \\(e.g. minimum length\\). The field should be a pointer to allow the zero value to be set. If the zero value is not a valid use case, complete the validation and remove the pointer."

	// +optional
	StringPtr *string `json:"stringPtr,omitempty"`

	// +optional
	Int *int `json:"int,omitempty"` // want "field Int has a valid zero value \\(0\\), but the validation is not complete \\(e.g. minimum/maximum\\). The field should be a pointer to allow the zero value to be set. If the zero value is not a valid use case, complete the validation and remove the pointer."

	// +optional
	IntPtr *int `json:"intPtr,omitempty"`
}

// +kubebuilder:validation:MinProperties=1
type StructWithMinProperties struct {
	// +kubebuilder:validation:MinProperties=1
	// +optional
	Map map[string]string `json:"map,omitempty"`
}

type StructWithNonOmittedFields struct {
	// +required
	String *string `json:"string,omitempty"` // want "field String has a valid zero value \\(\"\"\\), but the validation is not complete \\(e.g. minimum length\\). The field should be a pointer to allow the zero value to be set. If the zero value is not a valid use case, complete the validation and remove the pointer." "field String should have the omitempty tag."

	// +required
	Int *int32 `json:"int,omitempty"` // want "field Int has a valid zero value \\(0\\), but the validation is not complete \\(e.g. minimum/maximum\\). The field should be a pointer to allow the zero value to be set. If the zero value is not a valid use case, complete the validation and remove the pointer." "field Int should have the omitempty tag."
}

// Struct with non-omitted fields and minProperties marker.
// Because there is no omitempty, and the zero values are valid, the zero value here is `{"string:"", "int":0}`.
// This means the MinProperties marker is satisfied even when the object is the zero value.
// +kubebuilder:validation:MinProperties=2
type StructWithNonOmittedFieldsAndMinProperties struct {
	// +required
	String *string `json:"string,omitempty"` // want "field String has a valid zero value \\(\"\"\\), but the validation is not complete \\(e.g. minimum length\\). The field should be a pointer to allow the zero value to be set. If the zero value is not a valid use case, complete the validation and remove the pointer." "field String should have the omitempty tag."

	// +required
	Int *int32 `json:"int,omitempty"` // want "field Int has a valid zero value \\(0\\), but the validation is not complete \\(e.g. minimum/maximum\\). The field should be a pointer to allow the zero value to be set. If the zero value is not a valid use case, complete the validation and remove the pointer." "field Int should have the omitempty tag."
}

// Struct with one non-omitted field, and one omitted field and minProperties marker.
// The zero value of the struct is `{"string:""}` which is not valid because it does not satisfy the MinProperties marker.
// +kubebuilder:validation:MinProperties=2
type StructWithOneNonOmittedFieldAndMinProperties struct {
	// +required
	String *string `json:"string,omitempty"` // want "field String has a valid zero value \\(\"\"\\), but the validation is not complete \\(e.g. minimum length\\). The field should be a pointer to allow the zero value to be set. If the zero value is not a valid use case, complete the validation and remove the pointer." "field String should have the omitempty tag."

	// +optional
	Int *int32 `json:"int,omitempty"` // want "field Int has a valid zero value \\(0\\), but the validation is not complete \\(e.g. minimum/maximum\\). The field should be a pointer to allow the zero value to be set. If the zero value is not a valid use case, complete the validation and remove the pointer."
}

// Struct with an omitted required field.
// The zero value of the struct is `{}` which is not valid because it does not satisfy the required marker on the string field.
type StructWithOmittedRequiredField struct {
	// +required
	String *string `json:"string,omitempty"` // want "field String has a valid zero value \\(\"\"\\), but the validation is not complete \\(e.g. minimum length\\). The field should be a pointer to allow the zero value to be set. If the zero value is not a valid use case, complete the validation and remove the pointer."
}
